ASxxxx Linker V03.00 + NoICE + sdld,  page 1.
Hexadecimal  [32-Bits]

Area                                    Addr        Size        Decimal Bytes (Attributes)
--------------------------------        ----        ----        ------- ----- ------------
.  .ABS.                            00000000    00000000 =           0. bytes (ABS,CON)

      Value  Global                              Global Defined In Module
      -----  --------------------------------   ------------------------
     00000000  .__.ABS.                           cpct_video
     00000000  l__DATA                         
     00000003  max_entities                       
     000001A5  l__CODE                         
     00004000  s__CODE                         
     000041A5  s__DATA                         
ASxxxx Linker V03.00 + NoICE + sdld,  page 2.
Hexadecimal  [32-Bits]

Area                                    Addr        Size        Decimal Bytes (Attributes)
--------------------------------        ----        ----        ------- ----- ------------
_CODE                               00004000    000001A5 =         421. bytes (REL,CON)

      Value  Global                              Global Defined In Module
      -----  --------------------------------   ------------------------
     00004000  _num_entities                      
     00004001  _last_elem_ptr                     
     00004003  _entity_array                      
     00004018  entityman_getEntityVector_IX       
     0000401D  entityman_getNumEntities_A         
     00004021  man_entity_getArray                
     00004029  man_entity_init                    
     00004034  man_entity_new                     
     00004046  entityman_creater                  
     0000404E  entityman_create                   
     00004077  man_game_init                      
     0000407B  man_game_update                    
     0000407C  man_game_render                    
     0000408B  _main                              cpct_keyboard
     000040AF  rendersys_init                     
     000040B0  rendersys_update                   
     000040D5  _cpct_waitVSYNC                    cpct_video
     000040D5  cpct_waitVSYNC_asm                 cpct_video
     000040DD  _cpct_disableFirmware              cpct_firmware
     000040DD  _cpct_removeInterruptHandler       cpct_firmware
     000040DD  cpct_disableFirmware_asm           cpct_firmware
     000040DD  cpct_removeInterruptHandler_asm    cpct_firmware
     000040ED  cpct_drawSolidBox_asm              cpct_sprites
     00004190  _cpct_mode_rom_status              cpct_firmware
     00004191  cpct_getScreenPtr_asm              cpct_video

ASxxxx Linker V03.00 + NoICE + sdld,  page 3.

Files Linked                              [ module(s) ]

obj/cpctelerafunction.h.rel               [  ]
obj/entity_manager.h.rel                  [  ]
obj/entity_manager.rel                    [  ]
obj/game_manager.rel                      [  ]
obj/main.rel                              [ cpct_keyboard ]
obj/render_system.h.rel                   [  ]
obj/render_system.rel                     [  ]


Libraries Linked                          [ object file ]

/home/jorge/Escritorio/WinApe/cpctelera/cpctelera/cpctelera/cpctelera.lib
                                          [ cpct_waitVSYNC.rel ]
/home/jorge/Escritorio/WinApe/cpctelera/cpctelera/cpctelera/cpctelera.lib
                                          [ cpct_removeInterruptHandler.rel ]
/home/jorge/Escritorio/WinApe/cpctelera/cpctelera/cpctelera/cpctelera.lib
                                          [ cpct_drawSolidBox_asmbindings.re ]
/home/jorge/Escritorio/WinApe/cpctelera/cpctelera/cpctelera/cpctelera.lib
                                          [ cpc_mode_rom_status.rel ]
/home/jorge/Escritorio/WinApe/cpctelera/cpctelera/cpctelera/cpctelera.lib
                                          [ cpct_getScreenPtr_asmbindings.re ]

ASxxxx Linker V03.00 + NoICE + sdld,  page 4.

User Base Address Definitions

_CODE = 0x4000
_DATA = 0x0000

