ASxxxx Linker V03.00 + NoICE + sdld,  page 1.
Hexadecimal  [32-Bits]

Area                                    Addr        Size        Decimal Bytes (Attributes)
--------------------------------        ----        ----        ------- ----- ------------
.  .ABS.                            00000000    00000000 =           0. bytes (ABS,CON)

      Value  Global                              Global Defined In Module
      -----  --------------------------------   ------------------------
     00000000  .__.ABS.                           cpct_video
     00000000  l__DATA                         
     00000003  max_entities                       
     00000007  entity_size                        
     00000155  l__CODE                         
     00004000  s__CODE                         
     00004155  s__DATA                         

ASxxxx Linker V03.00 + NoICE + sdld,  page 2.
Hexadecimal  [32-Bits]

Area                                    Addr        Size        Decimal Bytes (Attributes)
--------------------------------        ----        ----        ------- ----- ------------
_CODE                               00004000    00000155 =         341. bytes (REL,CON)

      Value  Global                              Global Defined In Module
      -----  --------------------------------   ------------------------
     00004000  _num_entities                      
     00004001  _last_elem_ptr                     
     00004003  _entity_array                      
     00004018  entityman_create                   
     00004041  _main                              cpct_keyboard
     0000405F  rendersys_init                     
     00004060  rendersys_update                   
     00004085  _cpct_waitVSYNC                    cpct_video
     00004085  cpct_waitVSYNC_asm                 cpct_video
     0000408D  _cpct_disableFirmware              cpct_firmware
     0000408D  _cpct_removeInterruptHandler       cpct_firmware
     0000408D  cpct_disableFirmware_asm           cpct_firmware
     0000408D  cpct_removeInterruptHandler_asm    cpct_firmware
     0000409D  cpct_drawSolidBox_asm              cpct_sprites
     00004140  _cpct_mode_rom_status              cpct_firmware
     00004141  cpct_getScreenPtr_asm              cpct_video

ASxxxx Linker V03.00 + NoICE + sdld,  page 3.

Files Linked                              [ module(s) ]

obj/cpctelerafunction.h.rel               [  ]
obj/entity_manager.rel                    [  ]
obj/main.rel                              [ cpct_keyboard ]
obj/render_system.rel                     [  ]


Libraries Linked                          [ object file ]

/home/jorge/Escritorio/WinApe/cpctelera/cpctelera/cpctelera/cpctelera.lib
                                          [ cpct_waitVSYNC.rel ]
/home/jorge/Escritorio/WinApe/cpctelera/cpctelera/cpctelera/cpctelera.lib
                                          [ cpct_removeInterruptHandler.rel ]
/home/jorge/Escritorio/WinApe/cpctelera/cpctelera/cpctelera/cpctelera.lib
                                          [ cpct_drawSolidBox_asmbindings.re ]
/home/jorge/Escritorio/WinApe/cpctelera/cpctelera/cpctelera/cpctelera.lib
                                          [ cpc_mode_rom_status.rel ]
/home/jorge/Escritorio/WinApe/cpctelera/cpctelera/cpctelera/cpctelera.lib
                                          [ cpct_getScreenPtr_asmbindings.re ]

ASxxxx Linker V03.00 + NoICE + sdld,  page 4.

User Base Address Definitions

_CODE = 0x4000
_DATA = 0x0000

